../Core/Src/main.c:71:5:main	16	static
../Core/Src/main.c:163:6:SystemClock_Config	88	static
../Core/Src/main.c:204:13:MX_TIM2_Init	64	static
../Core/Src/main.c:263:13:MX_USART1_UART_Init	8	static
../Core/Src/main.c:311:13:MX_USART2_UART_Init	8	static
../Core/Src/main.c:359:13:MX_GPIO_Init	48	static
../Core/Src/main.c:387:6:SetBrightness	80	static
../Core/Src/main.c:403:6:ProcessInput	24	static
../Core/Src/main.c:458:6:HAL_UART_RxCpltCallback	24	static
../Core/Src/main.c:489:6:Error_Handler	8	static,ignoring_inline_asm
