../Core/Src/main.c:72:5:main	16	static
../Core/Src/main.c:162:6:SystemClock_Config	88	static
../Core/Src/main.c:203:13:MX_TIM2_Init	64	static
../Core/Src/main.c:262:13:MX_USART1_UART_Init	8	static
../Core/Src/main.c:310:13:MX_USART2_UART_Init	8	static
../Core/Src/main.c:358:13:MX_GPIO_Init	48	static
../Core/Src/main.c:386:6:SetBrightness	80	static
../Core/Src/main.c:402:6:ProcessInput	24	static
../Core/Src/main.c:460:6:HAL_UART_RxCpltCallback	16	static
../Core/Src/main.c:479:6:Error_Handler	8	static,ignoring_inline_asm
